{
    "title": "Implement a handler",
    "body": "test body"
}
